
> zk-upi-backend@1.0.0 test
> jest

  console.warn
    [EnvValidator] Optional var PAYMENT_ENGINE_URL not set (Sahil's payment engine base URL). Some features may be disabled.

    [0m [90m 66 |[39m         console[33m.[39mwarn([32m`[EnvValidator] Optional var ${key} not set ΓÇö using default: "${def}"`[39m)[33m;[39m
     [90m 67 |[39m       } [36melse[39m {
    [31m[1m>[22m[39m[90m 68 |[39m         console[33m.[39mwarn([32m`[EnvValidator] Optional var ${key} not set (${description}). Some features may be disabled.`[39m)[33m;[39m
     [90m    |[39m                 [31m[1m^[22m[39m
     [90m 69 |[39m       }
     [90m 70 |[39m     }
     [90m 71 |[39m   }[0m

      at warn (src/utils/envValidator.js:68:17)
      at validateEnv (src/utils/envValidator.js:136:5)
      at Object.getOrBuildConfig [as config] (src/utils/envValidator.js:148:12)
      at Object.config (src/controllers/paymentController.js:11:9)
      at Object.require (src/routes/paymentRoutes.js:15:5)
      at Object.require (src/index.js:20:27)
      at Object.require (tests/api.test.js:10:13)

  console.warn
    [EnvValidator] Optional var VERIFICATION_KEY_PATH not set (Path to the ZK circuit verification_key.json). Some features may be disabled.

    [0m [90m 66 |[39m         console[33m.[39mwarn([32m`[EnvValidator] Optional var ${key} not set ΓÇö using default: "${def}"`[39m)[33m;[39m
     [90m 67 |[39m       } [36melse[39m {
    [31m[1m>[22m[39m[90m 68 |[39m         console[33m.[39mwarn([32m`[EnvValidator] Optional var ${key} not set (${description}). Some features may be disabled.`[39m)[33m;[39m
     [90m    |[39m                 [31m[1m^[22m[39m
     [90m 69 |[39m       }
     [90m 70 |[39m     }
     [90m 71 |[39m   }[0m

      at warn (src/utils/envValidator.js:68:17)
      at validateEnv (src/utils/envValidator.js:136:5)
      at Object.getOrBuildConfig [as config] (src/utils/envValidator.js:148:12)
      at Object.config (src/controllers/paymentController.js:11:9)
      at Object.require (src/routes/paymentRoutes.js:15:5)
      at Object.require (src/index.js:20:27)
      at Object.require (tests/api.test.js:10:13)

  console.log
    [EnvValidator] Γ£ô All environment variables validated successfully.

      at log (src/utils/envValidator.js:86:11)

  console.log
    [Identity] Created new user: mock-user-id

      at log (src/controllers/identityController.js:40:11)

[0mPOST /api/identity/create [32m201[0m 4.731 ms - 83[0m
  console.error
    [Error] POST /api/identity/create

    [0m [90m  8 |[39m [36mconst[39m errorHandler [33m=[39m (err[33m,[39m req[33m,[39m res[33m,[39m next) [33m=>[39m {
     [90m  9 |[39m   [90m// Log the error server-side with stack trace[39m
    [31m[1m>[22m[39m[90m 10 |[39m   console[33m.[39merror([32m`[Error] ${req.method} ${req.path}`[39m)[33m;[39m
     [90m    |[39m           [31m[1m^[22m[39m
     [90m 11 |[39m   console[33m.[39merror([32m`[Error] ${err.message}`[39m)[33m;[39m
     [90m 12 |[39m   [36mif[39m (process[33m.[39menv[33m.[39m[33mNODE_ENV[39m [33m===[39m [32m"development"[39m) {
     [90m 13 |[39m     console[33m.[39merror(err[33m.[39mstack)[33m;[39m[0m

      at error (src/middleware/errorHandler.js:10:11)
      at Layer.handle_error (node_modules/express/lib/router/layer.js:71:5)
      at trim_prefix (node_modules/express/lib/router/index.js:326:13)
      at node_modules/express/lib/router/index.js:286:9
      at router.process_params (node_modules/express/lib/router/index.js:346:12)
      at next (node_modules/express/lib/router/index.js:280:10)
      at Layer.handle_error (node_modules/express/lib/router/layer.js:67:12)
      at trim_prefix (node_modules/express/lib/router/index.js:326:13)
      at node_modules/express/lib/router/index.js:286:9
      at router.process_params (node_modules/express/lib/router/index.js:346:12)
      at next (node_modules/express/lib/router/index.js:280:10)
      at node_modules/express/lib/router/index.js:646:15
      at next (node_modules/express/lib/router/index.js:265:14)
      at next (node_modules/express/lib/router/route.js:141:14)

  console.error
    [Error] Both identityHash and publicKey are required to create an identity.

    [0m [90m  9 |[39m   [90m// Log the error server-side with stack trace[39m
     [90m 10 |[39m   console[33m.[39merror([32m`[Error] ${req.method} ${req.path}`[39m)[33m;[39m
    [31m[1m>[22m[39m[90m 11 |[39m   console[33m.[39merror([32m`[Error] ${err.message}`[39m)[33m;[39m
     [90m    |[39m           [31m[1m^[22m[39m
     [90m 12 |[39m   [36mif[39m (process[33m.[39menv[33m.[39m[33mNODE_ENV[39m [33m===[39m [32m"development"[39m) {
     [90m 13 |[39m     console[33m.[39merror(err[33m.[39mstack)[33m;[39m
     [90m 14 |[39m   }[0m

      at error (src/middleware/errorHandler.js:11:11)
      at Layer.handle_error (node_modules/express/lib/router/layer.js:71:5)
      at trim_prefix (node_modules/express/lib/router/index.js:326:13)
      at node_modules/express/lib/router/index.js:286:9
      at router.process_params (node_modules/express/lib/router/index.js:346:12)
      at next (node_modules/express/lib/router/index.js:280:10)
      at Layer.handle_error (node_modules/express/lib/router/layer.js:67:12)
      at trim_prefix (node_modules/express/lib/router/index.js:326:13)
      at node_modules/express/lib/router/index.js:286:9
      at router.process_params (node_modules/express/lib/router/index.js:346:12)
      at next (node_modules/express/lib/router/index.js:280:10)
      at node_modules/express/lib/router/index.js:646:15
      at next (node_modules/express/lib/router/index.js:265:14)
      at next (node_modules/express/lib/router/route.js:141:14)

[0mPOST /api/identity/create [33m400[0m 24.991 ms - 124[0m
  console.log
    [Payment] Processing transfer of Γé╣500 to merchant-id

      at log (src/controllers/paymentController.js:37:11)

  console.log
    [Payment] Verifying ZK Proof for nullifier mock-nul...

      at log (src/controllers/paymentController.js:88:11)

  console.log
    [Payment] Nullifier recorded. Calling Payment Engine...

      at log (src/controllers/paymentController.js:110:15)

  console.log
    [Payment] Engine successfully processed payment.

      at log (src/controllers/paymentController.js:132:17)

  console.log
    [Payment] Payment Complete! Transaction ID: tx-123

      at log (src/controllers/paymentController.js:162:11)

[0mPOST /api/payment/submit [32m200[0m 58.054 ms - 98[0m
  console.log
    [Payment] Processing transfer of Γé╣500 to merchant-id

      at log (src/controllers/paymentController.js:37:11)

  console.log
    [Payment] Verifying ZK Proof for nullifier mock-nul...

      at log (src/controllers/paymentController.js:88:11)

  console.error
    [Error] POST /api/payment/submit

    [0m [90m  8 |[39m [36mconst[39m errorHandler [33m=[39m (err[33m,[39m req[33m,[39m res[33m,[39m next) [33m=>[39m {
     [90m  9 |[39m   [90m// Log the error server-side with stack trace[39m
    [31m[1m>[22m[39m[90m 10 |[39m   console[33m.[39merror([32m`[Error] ${req.method} ${req.path}`[39m)[33m;[39m
     [90m    |[39m           [31m[1m^[22m[39m
     [90m 11 |[39m   console[33m.[39merror([32m`[Error] ${err.message}`[39m)[33m;[39m
     [90m 12 |[39m   [36mif[39m (process[33m.[39menv[33m.[39m[33mNODE_ENV[39m [33m===[39m [32m"development"[39m) {
     [90m 13 |[39m     console[33m.[39merror(err[33m.[39mstack)[33m;[39m[0m

      at error (src/middleware/errorHandler.js:10:11)
      at Layer.handle_error (node_modules/express/lib/router/layer.js:71:5)
      at trim_prefix (node_modules/express/lib/router/index.js:326:13)
      at node_modules/express/lib/router/index.js:286:9
      at router.process_params (node_modules/express/lib/router/index.js:346:12)
      at next (node_modules/express/lib/router/index.js:280:10)
      at Layer.handle_error (node_modules/express/lib/router/layer.js:67:12)
      at trim_prefix (node_modules/express/lib/router/index.js:326:13)
      at node_modules/express/lib/router/index.js:286:9
      at router.process_params (node_modules/express/lib/router/index.js:346:12)
      at next (node_modules/express/lib/router/index.js:280:10)
      at node_modules/express/lib/router/index.js:646:15
      at next (node_modules/express/lib/router/index.js:265:14)
      at next (node_modules/express/lib/router/route.js:141:14)

  console.error
    [Error] Invalid proof. Mathematical verification failed.

    [0m [90m  9 |[39m   [90m// Log the error server-side with stack trace[39m
     [90m 10 |[39m   console[33m.[39merror([32m`[Error] ${req.method} ${req.path}`[39m)[33m;[39m
    [31m[1m>[22m[39m[90m 11 |[39m   console[33m.[39merror([32m`[Error] ${err.message}`[39m)[33m;[39m
     [90m    |[39m           [31m[1m^[22m[39m
     [90m 12 |[39m   [36mif[39m (process[33m.[39menv[33m.[39m[33mNODE_ENV[39m [33m===[39m [32m"development"[39m) {
     [90m 13 |[39m     console[33m.[39merror(err[33m.[39mstack)[33m;[39m
     [90m 14 |[39m   }[0m

      at error (src/middleware/errorHandler.js:11:11)
      at Layer.handle_error (node_modules/express/lib/router/layer.js:71:5)
      at trim_prefix (node_modules/express/lib/router/index.js:326:13)
      at node_modules/express/lib/router/index.js:286:9
      at router.process_params (node_modules/express/lib/router/index.js:346:12)
      at next (node_modules/express/lib/router/index.js:280:10)
      at Layer.handle_error (node_modules/express/lib/router/layer.js:67:12)
      at trim_prefix (node_modules/express/lib/router/index.js:326:13)
      at node_modules/express/lib/router/index.js:286:9
      at router.process_params (node_modules/express/lib/router/index.js:346:12)
      at next (node_modules/express/lib/router/index.js:280:10)
      at node_modules/express/lib/router/index.js:646:15
      at next (node_modules/express/lib/router/index.js:265:14)
      at next (node_modules/express/lib/router/route.js:141:14)

[0mPOST /api/payment/submit [33m400[0m 16.157 ms - 99[0m
  console.log
    [Payment] Processing transfer of Γé╣500 to merchant-id

      at log (src/controllers/paymentController.js:37:11)

  console.error
    [Error] POST /api/payment/submit

    [0m [90m  8 |[39m [36mconst[39m errorHandler [33m=[39m (err[33m,[39m req[33m,[39m res[33m,[39m next) [33m=>[39m {
     [90m  9 |[39m   [90m// Log the error server-side with stack trace[39m
    [31m[1m>[22m[39m[90m 10 |[39m   console[33m.[39merror([32m`[Error] ${req.method} ${req.path}`[39m)[33m;[39m
     [90m    |[39m           [31m[1m^[22m[39m
     [90m 11 |[39m   console[33m.[39merror([32m`[Error] ${err.message}`[39m)[33m;[39m
     [90m 12 |[39m   [36mif[39m (process[33m.[39menv[33m.[39m[33mNODE_ENV[39m [33m===[39m [32m"development"[39m) {
     [90m 13 |[39m     console[33m.[39merror(err[33m.[39mstack)[33m;[39m[0m

      at error (src/middleware/errorHandler.js:10:11)
      at Layer.handle_error (node_modules/express/lib/router/layer.js:71:5)
      at trim_prefix (node_modules/express/lib/router/index.js:326:13)
      at node_modules/express/lib/router/index.js:286:9
      at router.process_params (node_modules/express/lib/router/index.js:346:12)
      at next (node_modules/express/lib/router/index.js:280:10)
      at Layer.handle_error (node_modules/express/lib/router/layer.js:67:12)
      at trim_prefix (node_modules/express/lib/router/index.js:326:13)
      at node_modules/express/lib/router/index.js:286:9
      at router.process_params (node_modules/express/lib/router/index.js:346:12)
      at next (node_modules/express/lib/router/index.js:280:10)
      at node_modules/express/lib/router/index.js:646:15
      at next (node_modules/express/lib/router/index.js:265:14)
      at next (node_modules/express/lib/router/route.js:141:14)

  console.error
    [Error] Payment already processed (Double-spend detected). Please generate a new proof.

    [0m [90m  9 |[39m   [90m// Log the error server-side with stack trace[39m
     [90m 10 |[39m   console[33m.[39merror([32m`[Error] ${req.method} ${req.path}`[39m)[33m;[39m
    [31m[1m>[22m[39m[90m 11 |[39m   console[33m.[39merror([32m`[Error] ${err.message}`[39m)[33m;[39m
     [90m    |[39m           [31m[1m^[22m[39m
     [90m 12 |[39m   [36mif[39m (process[33m.[39menv[33m.[39m[33mNODE_ENV[39m [33m===[39m [32m"development"[39m) {
     [90m 13 |[39m     console[33m.[39merror(err[33m.[39mstack)[33m;[39m
     [90m 14 |[39m   }[0m

      at error (src/middleware/errorHandler.js:11:11)
      at Layer.handle_error (node_modules/express/lib/router/layer.js:71:5)
      at trim_prefix (node_modules/express/lib/router/index.js:326:13)
      at node_modules/express/lib/router/index.js:286:9
      at router.process_params (node_modules/express/lib/router/index.js:346:12)
      at next (node_modules/express/lib/router/index.js:280:10)
      at Layer.handle_error (node_modules/express/lib/router/layer.js:67:12)
      at trim_prefix (node_modules/express/lib/router/index.js:326:13)
      at node_modules/express/lib/router/index.js:286:9
      at router.process_params (node_modules/express/lib/router/index.js:346:12)
      at next (node_modules/express/lib/router/index.js:280:10)
      at node_modules/express/lib/router/index.js:646:15
      at next (node_modules/express/lib/router/index.js:265:14)
      at next (node_modules/express/lib/router/route.js:141:14)

[0mPOST /api/payment/submit [33m400[0m 54.601 ms - 130[0m
[0mPOST /api/payment/submit [33m400[0m 0.320 ms - 133[0m
[0mGET /api/transactions/history/mock-user-id [32m200[0m 1.627 ms - 257[0m
node.exe : FAIL tests/api.test.js
At line:1 char:1
+ & "C:\Program Files\nodejs/node.exe" 
"C:\Users\user\AppData\Roaming\n ...
+ 
~~~~~~~~~~~~~~~~~~~~~~~~~~~~~~~~~~~~~~~~~~~~~~~~~~~~~~~~~~~~~~~~~~~~~
    + CategoryInfo          : NotSpecified: (FAIL tests/api.test.js: 
   String) [], RemoteException
    + FullyQualifiedErrorId : NativeCommandError
 
  ZK-UPI API Integration Tests
    POST /api/identity/create
      ├ù should successfully create a new identity (61 ms)
      ΓêÜ should fail if missing required parameters (36 ms)
    POST /api/payment/submit
      ΓêÜ should successfully submit a payment (84 ms)
      ΓêÜ should reject a payment with an invalid proof (25 ms)
      ΓêÜ should reject a double-spend attempt (nullifier exists) 
(99 ms)
      ΓêÜ should handle missing parameters (8 ms)
    GET /api/transactions/history/:userId
      ΓêÜ should return paginated history with no identity leak (86 
ms)

  ΓùÅ ZK-UPI API Integration Tests ΓÇ║ POST /api/identity/create ΓÇ║ 
should successfully create a new identity

    listen EADDRINUSE: address already in use :::4000

    [0m [90m  99 |[39m
     [90m 100 |[39m [90m// ΓöÇΓöÇΓöÇ Start Server ΓöÇΓöÇΓöÇΓöÇΓöÇΓ
öÇΓöÇΓöÇΓöÇΓöÇΓöÇΓöÇΓöÇΓöÇΓöÇΓöÇΓöÇΓöÇΓöÇΓöÇΓöÇΓöÇΓöÇΓöÇΓöÇΓöÇΓöÇΓöÇΓ
öÇΓöÇΓöÇΓöÇΓöÇΓöÇΓöÇΓöÇΓöÇΓöÇΓöÇΓöÇΓöÇΓöÇΓöÇΓöÇΓöÇΓöÇΓöÇΓöÇΓöÇΓöÇΓöÇΓ
öÇΓöÇΓöÇΓöÇΓöÇΓöÇΓöÇΓöÇΓöÇ[39m
    [31m[1m>[22m[39m[90m 101 |[39m [36mconst[39m server 
[33m=[39m app[33m.[39mlisten([33mPORT[39m[33m,[39m () 
[33m=>[39m {
     [90m     |[39m                    [31m[1m^[22m[39m
     [90m 102 |[39m   console[33m.[39mlog([32m"\nΓòöΓòÉΓòÉΓòÉΓòÉ
ΓòÉΓòÉΓòÉΓòÉΓòÉΓòÉΓòÉΓòÉΓòÉΓòÉΓòÉΓòÉΓòÉΓòÉΓòÉΓòÉΓòÉΓòÉΓòÉΓòÉΓòÉΓòÉΓòÉ
ΓòÉΓòÉΓòÉΓòÉΓòÉΓòÉΓòÉΓòÉΓòÉΓòÉΓòÉΓòÉΓòÉΓòÉΓòÉΓòÉΓòù"[39m)[33m;[39m
     [90m 103 |[39m   console[33m.[39mlog([32m`Γòæ   ≡ƒöÉ 
ZK-UPI Backend Server Started        Γòæ`[39m)[33m;[39m
     [90m 104 |[39m   console[33m.[39mlog([32m`Γòæ   Port    : 
http://localhost:${PORT}         Γòæ`[39m)[33m;[39m[0m

      at app.listen (node_modules/express/lib/application.js:635:24)
      at Object.listen (src/index.js:101:20)
      at Object.require (tests/api.test.js:10:13)

Test Suites: 1 failed, 1 total
Tests:       1 failed, 6 passed, 7 total
Snapshots:   0 total
Time:        1.373 s, estimated 2 s
Ran all test suites.
